// Jest Snapshot v1, https://goo.gl/fbAQLP

exports[`renders to match the test 1`] = `
<div
  className="container"
>
  <span
    className="spantitle"
  >
     Let's do some math!
  </span>
  <form>
    <div
      className="display"
    >
      0
    </div>
  </form>
  <div
    className="keypad"
  >
    <button
      className="firstline"
      onClick={[Function]}
      type="button"
    >
      AC
    </button>
    <button
      className="firstline"
      onClick={[Function]}
      type="button"
    >
      +/-
    </button>
    <button
      className="firstline"
      onClick={[Function]}
      type="button"
    >
      %
    </button>
    <button
      className="extra"
      onClick={[Function]}
      type="button"
    >
      รท
    </button>
    <button
      className="secondline"
      onClick={[Function]}
      type="button"
    >
      7
    </button>
    <button
      className="secondline"
      onClick={[Function]}
      type="button"
    >
      8
    </button>
    <button
      className="secondline"
      onClick={[Function]}
      type="button"
    >
      9
    </button>
    <button
      className="extra"
      onClick={[Function]}
      type="button"
    >
      x
    </button>
    <button
      className="thirdline"
      onClick={[Function]}
      type="button"
    >
      4
    </button>
    <button
      className="thirdline"
      onClick={[Function]}
      type="button"
    >
      5
    </button>
    <button
      className="thirdline"
      onClick={[Function]}
      type="button"
    >
      6
    </button>
    <button
      className="extra"
      onClick={[Function]}
      type="button"
    >
      -
    </button>
    <button
      className="fourthline"
      onClick={[Function]}
      type="button"
    >
      1
    </button>
    <button
      className="fourthline"
      onClick={[Function]}
      type="button"
    >
      2
    </button>
    <button
      className="fourthline"
      onClick={[Function]}
      type="button"
    >
      3
    </button>
    <button
      className="extra"
      onClick={[Function]}
      type="button"
    >
      +
    </button>
    <button
      className="cero"
      onClick={[Function]}
      type="button"
    >
      0
    </button>
    <button
      className="dot"
      onClick={[Function]}
      type="button"
    >
      .
    </button>
    <button
      className="equal"
      onClick={[Function]}
      type="button"
    >
      =
    </button>
  </div>
</div>
`;
