// Jest Snapshot v1, https://goo.gl/fbAQLP

exports[`renders to match the test 1`] = `
<div
  className="quotes"
>
  <p>
    Mathmatics is not about numbers,eauations, computations, or algorithms: it is about understanding. - William Paul Thurston
  </p>
</div>
`;
